
==============================================================================
1. REACHABILITY (exact ancestral-set simulation of the programmed mask)
==============================================================================
marker at 300, n = 8192 (max possible distance 7891)
layer  type               |S_t| ancestral  half-width  per-hop horizon  closed form R_k check   
    0  full_attention                8192        7891              128              128 OK      
    1  sliding_attention             8192        7891              192
    2  sliding_attention             8192        7891              256
    3  full_attention                8192        7891              512              960 MISMATCH
    4  sliding_attention             8192        7891              576
    5  sliding_attention             8192        7891              640
    6  full_attention                8192        7891             1280             1984 MISMATCH
    7  sliding_attention             8192        7891             1344
    8  sliding_attention             8192        7891             1408
    9  full_attention                8192        7891             2816             4032 MISMATCH
   10  sliding_attention             8192        7891             2880
   11  sliding_attention             8192        7891             2944
   12  full_attention                8192        7891             5888             8128 MISMATCH
   13  sliding_attention             8192        7891             5952
   14  sliding_attention             8192        7891             6016
   15  full_attention                8192        7891            12032            16320 OK      
   16  sliding_attention             8192        7891            12096
   17  sliding_attention             8192        7891            12160
   18  full_attention                8192        7891            24320            32704 OK      
   19  sliding_attention             8192        7891            24384
   20  sliding_attention             8192        7891            24448
   21  full_attention                8192        7891            48896            65472 OK      

RESULT A (exact ancestral set): because LAYER 0 IS GLOBAL, S_0 = [0, n) after a
single layer. Every token in the sequence, however far, is an ancestor of the
marker at depth 1. The reachability graph has diameter 1.

RESULT B (per-hop horizon requested by the task): if the layer-0 short circuit is
excluded and only per-hop composition counts, the horizon at the global layers is
 k  layer  R_k (tokens)  clipped to n=8192   frac of doc
 0      0           128                128        1.62%
 1      3           960                960       12.17%
 2      6          1984               1984       25.14%
 3      9          4032               4032       51.10%
 4     12          8128               7891      100.00%
 5     15         16320               7891      100.00%
 6     18         32704               7891      100.00%
 7     21         65472               7891      100.00%

minimum layer index L*(d) under the per-hop horizon:
     d =  L*(d)   closed form  global hops used k  global hops REMAINING (8-k)   entry-dilution 1/(k+1)
       1      0             0                   0                            8                    1.000
      64      0             0                   0                            8                    1.000
      65      0             0                   0                            8                    1.000
     128      0             0                   0                            8                    1.000
     129      3             0                   1                            7                    0.500
     449      3             3                   1                            7                    0.500
     960      3             3                   1                            7                    0.500
     961      6             6                   2                            6                    0.333
    1984      6             6                   2                            6                    0.333
    1985      9             9                   3                            5                    0.250
    4032      9             9                   3                            5                    0.250
    4033     12            12                   4                            4                    0.200
    7000     12            12                   4                            4                    0.200
    8128     12            12                   4                            4                    0.200
    8129     15            15                   5                            3                    0.167
    8191     15            15                   5                            3                    0.167
closed form: L*(d) = 0 for d <= 2w;  L*(d) = 3*ceil(log2((d/w + 1)/8)) for d > 2w
(R_k = (8*2^k - 1)w >= d  <=>  2^k >= (d/w + 1)/8  <=>  k >= log2((d/w+1)/8))

==============================================================================
2. MIXING CAPACITY (cross-document edges, head block = 0..H-1, state = H..n-1)
==============================================================================

n = 1024, head block H = 256  (state block = 768 tokens)
  total cross-document (marker-region -> state) edges : 1,601,984
  from the 8 global layers  : 1,572,864 (98.2%)
  from the 14 sliding layers: 29,120 (1.8%)
  per-layer fraction of the state reachable from ONE marker (last marker at H-1):
    layer  0 full_attention     100.0000% of state (   64 tokens)
    layer  1 sliding_attention   8.3333% of state (   64 tokens)
    layer  2 sliding_attention   8.3333% of state (   64 tokens)
    layer  3 full_attention     100.0000% of state (   64 tokens)
    layer  4 sliding_attention   8.3333% of state (   64 tokens)
    layer  5 sliding_attention   8.3333% of state (   64 tokens)
    layer  6 full_attention     100.0000% of state (   64 tokens)
    layer  7 sliding_attention   8.3333% of state (   64 tokens)
    layer  8 sliding_attention   8.3333% of state (   64 tokens)
    layer  9 full_attention     100.0000% of state (   64 tokens)
    layer 10 sliding_attention   8.3333% of state (   64 tokens)
    layer 11 sliding_attention   8.3333% of state (   64 tokens)
    layer 12 full_attention     100.0000% of state (   64 tokens)
    layer 13 sliding_attention   8.3333% of state (   64 tokens)
    layer 14 sliding_attention   8.3333% of state (   64 tokens)
    layer 15 full_attention     100.0000% of state (   64 tokens)
    layer 16 sliding_attention   8.3333% of state (   64 tokens)
    layer 17 sliding_attention   8.3333% of state (   64 tokens)
    layer 18 full_attention     100.0000% of state (   64 tokens)
    layer 19 sliding_attention   8.3333% of state (   64 tokens)
    layer 20 sliding_attention   8.3333% of state (   64 tokens)
    layer 21 full_attention     100.0000% of state (   64 tokens)

n = 8192, head block H = 384  (state block = 7808 tokens)
  total cross-document (marker-region -> state) edges : 24,015,296
  from the 8 global layers  : 23,986,176 (99.9%)
  from the 14 sliding layers: 29,120 (0.1%)
  per-layer fraction of the state reachable from ONE marker (last marker at H-1):
    layer  0 full_attention     100.0000% of state (   64 tokens)
    layer  1 sliding_attention   0.8197% of state (   64 tokens)
    layer  2 sliding_attention   0.8197% of state (   64 tokens)
    layer  3 full_attention     100.0000% of state (   64 tokens)
    layer  4 sliding_attention   0.8197% of state (   64 tokens)
    layer  5 sliding_attention   0.8197% of state (   64 tokens)
    layer  6 full_attention     100.0000% of state (   64 tokens)
    layer  7 sliding_attention   0.8197% of state (   64 tokens)
    layer  8 sliding_attention   0.8197% of state (   64 tokens)
    layer  9 full_attention     100.0000% of state (   64 tokens)
    layer 10 sliding_attention   0.8197% of state (   64 tokens)
    layer 11 sliding_attention   0.8197% of state (   64 tokens)
    layer 12 full_attention     100.0000% of state (   64 tokens)
    layer 13 sliding_attention   0.8197% of state (   64 tokens)
    layer 14 sliding_attention   0.8197% of state (   64 tokens)
    layer 15 full_attention     100.0000% of state (   64 tokens)
    layer 16 sliding_attention   0.8197% of state (   64 tokens)
    layer 17 sliding_attention   0.8197% of state (   64 tokens)
    layer 18 full_attention     100.0000% of state (   64 tokens)
    layer 19 sliding_attention   0.8197% of state (   64 tokens)
    layer 20 sliding_attention   0.8197% of state (   64 tokens)
    layer 21 full_attention     100.0000% of state (   64 tokens)

-- global-layer budget: hops needed to reach distance d vs hops left to MIX with --
  d (tokens from marker)  k = global hops used  8 - k left to mix  tail frac reached
                      64                     0                  8             1.62%
                     321                     1                  7            12.17%
                     960                     1                  7            12.17%
                    1984                     2                  6            25.14%
                    4032                     3                  5            51.10%
                    7000                     4                  4           100.00%
                    8128                     4                  4           100.00%
                    8191                     5                  3           100.00%

-- information available to the marker as a function of document position --
(under the exact model, every position is reachable at layer 0; what differs is how
 much of the network remains to process it. Under the per-hop horizon model, a token
 at distance d is first read at layer L*(d) and then has (21 - L*(d)) layers left.)
       d   L*(d)   layers remaining after first read  token count at this distance is
      64       0                                  22           ~320 tokens in [1, 64]
     320       3                                  19          ~320 tokens in [1, 320]
     960       3                                  19        ~320 tokens in [640, 960]
    1984       6                                  16      ~320 tokens in [1664, 1984]
    4032       9                                  13      ~320 tokens in [3712, 4032]
    7000      12                                  10      ~320 tokens in [6680, 7000]
    8191      15                                   7      ~320 tokens in [7871, 8191]

==============================================================================
2b. HEAD BLOCK WIDTH (computed with laya.build_sequence, fork source, CPU only)
==============================================================================

==============================================================================
3. COST MODEL
==============================================================================
d=768  F=1152  22 layers = 8 full + 14 sliding (w=64)  head_layers=2

      n      total FLOPs  ratio vs n=1024  encoder q share   head q share
     61       1.0539e+09            0.032            20.4%           1.1%
    512       1.2393e+10            0.377            37.5%           6.5%
   1024       3.2838e+10            1.000            47.9%           9.8%
   2048       9.7889e+10            2.981            58.5%          13.2%
   3006       1.8791e+11            5.722            63.5%          14.8%
   3972       3.0723e+11            9.356            66.7%          15.8%
   4938       4.5522e+11           13.863            68.8%          16.5%
   5946       6.4021e+11           19.496            70.4%          17.0%
   6912       8.4678e+11           25.786            71.6%          17.3%
   8192       1.1646e+12           35.466            72.8%          17.7%

MODELLED  FLOPs(8192)/FLOPs(1024) = 35.466x
MODELLED  FLOPs(5946)/FLOPs(1024) = 19.496x
MODELLED  FLOPs(7000)/FLOPs(1024) = 26.403x
closed form: ratio = (b*n8 + c_head*n8^2) / (b*n0 + c_head*n0^2),
  b = 2*8*768 + 2*14*129*768 + 17*768^2 + 4*768*1152 = 16,352,256
  c_head = 2*head_layers*d = 3,072  (the DECISION HEAD's own 2 self-attention
  layers are quadratic in n too - the head is forward()ed over the whole sequence)
  = (16352256*8192 + 3072*8192^2) / (16352256*1024 + 3072*1024^2) = 17.035

BOUND: modelled ratio = 35.466x. In the family lat-proportional-to-FLOPs with
  a fixed linear coefficient b = 16,352,256 and a variable quadratic coefficient c >= 0,
  the ratio (b*8192 + c*8192^2)/(b*1024 + c*1024^2) increases monotonically in c and
  tends to (8192/1024)^2 = 64.0x from below. So the SUPREMUM is exactly 64x and the
  headline 219x is UNREACHABLE for any number of global layers, hidden size, or head
  width - 219 > 64. The only way to see 219x is if the measured cost is not FLOPs-
  proportional, which the section-4 comparison tests.
    c =        3,072  -> ratio  17.035x
    c =       30,720  -> ratio  44.846x
    c =      307,200  -> ratio  61.233x
    c =    1,000,000  -> ratio  63.120x

==============================================================================
4. MEASURED UPSTREAM DATA + NORMALISED COMPARISON
==============================================================================
artifact : fork/research/results/long_context_multilingual.json
device=mps platform=macOS-26.5.2-arm64-arm-64bit torch=2.14.0 transformers=5.17.0 laya=0.3.18
checkpoint=convaiinnovations/laya (multilingual/)

   pad  limit    n   acc  median lat s  median tok
     0   1024   20  0.95         0.017          61
     0   8192   20  0.95         0.016          61
  1000   1024   20  0.65         0.224        1024
  1000   8192   20  0.80         0.211        1032
  2000   1024   20  0.35         0.198        1024
  2000   8192   20  0.85         0.503        2040
  3000   1024   20  0.35         0.208        1024
  3000   8192   20  0.85         0.895        3006
  4000   1024   20  0.35         0.216        1024
  4000   8192   20  0.90         1.707        3972
  5000   1024   20  0.35         0.262        1024
  5000   8192   20  0.55         2.586        4938
  6000   1024   20  0.35         0.253        1024
  6000   8192   20  0.85         3.505        5946
  7000   1024   20  0.35         0.264        1024
  7000   8192   20  0.40         4.503        6912

-- the headline number the task quotes --
  limit=8192, pad=0    : 61 tok, 0.016 s
  limit=8192, pad=6000 : 5946 tok, 3.505 s
  MEASURED raw ratio   = 219.06x  for a 97.48x input growth
  MODELLED ratio for the same two input lengths = 607.471x  -> measured/modelled = 0.361 (model OVER-predicts by 2.77x)
  The FLOP model has NO constant term, so it cannot describe the 61-token endpoint:
    modelled latency growth n=61 -> n=5946 (pure FLOPs) = 97.5x,
    measured growth at the same two points           = 219.1x,
    so the model OVER-predicts by 2.77x (anything < 1 means measured < modelled).
    n=61 -> n=1032: modelled 31.5x vs measured 13.2x - the model OVER-predicts the small-n end by 2.39x.
    Conversely at n=5946 -> 6912 the model UNDER-predicts by 0.97x. No single FLOPs-only model
    fits both ends: it needs a constant term at small n and a super-quadratic term at large n.

-- matched-input pairs: SAME input length, different max_len --
(this is the only comparison that isolates the max_len knob from the input-growth
 confound; the pad=1000 pair has 1024 vs 1032 tokens, i.e. within 0.8%)
 n(1024)  lat(1024)  n(8192)  lat(8192)  meas ratio  modelled  meas/mod  per-token norm
      61      0.017       61      0.016       0.941     1.000     0.941           0.941
    1024      0.224     1032      0.211       0.942     1.012     0.931           0.935
    1024      0.198     2040      0.503       2.540     2.962     0.858           1.275
    1024      0.208     3006      0.895       4.303     5.722     0.752           1.466
    1024      0.216     3972      1.707       7.903     9.356     0.845           2.037
    1024      0.262     4938      2.586       9.870    13.863     0.712           2.047
    1024      0.253     5946      3.505      13.854    19.496     0.711           2.386
    1024      0.264     6912      4.503      17.057    25.786     0.661           2.527
  'meas ratio' is contaminated when n(1024) != n(8192): at pad=4000 the 1024-limit
  run is truncated to 1024 tokens and the 8192-limit run sees 3972, so the 7.9x is
  mostly input growth. 'per-token norm' removes it and is the honest comparison.
  log-log slope of per-token-normalised measured ratio vs n = 0.587 +- over 6 points (a pure n^1 FLOP model would give 0.0 here)

-- per-token cost (s/token), limit=8192, from the median latencies --
      n    s/token   x vs n=61   n x vs 61
     61    0.00026        1.00        1.00
   1032    0.00020        0.78       16.92
   2040    0.00025        0.94       33.44
   3006    0.00030        1.14       49.28
   3972    0.00043        1.64       65.11
   4938    0.00052        2.00       80.95
   5946    0.00059        2.25       97.48
   6912    0.00065        2.48      113.31

-- scaling from n=1024 to each larger n, limit=8192 (measured) --
       n  measured ratio  implied exponent  modelled ratio  meas/modelled
    2040           2.384             1.260           2.962          0.805
    3006           4.242             1.342           5.722          0.741
    3972           8.090             1.542           9.356          0.865
    4938          12.256             1.593          13.863          0.884
    5946          16.611             1.598          19.496          0.852
    6912          21.341             1.603          25.786          0.828
  the measured exponent settles near 1.6; the FLOP model's local exponent is higher
  because the quadratic term only takes over above ~2000 tokens.

-- fitted lat(n) = F + a*n^p on the 8 limit=8192 medians (own model, [MODELLED]) --
   F = 0.010 s   a = 5.575e-07   p = 1.800   RMSE = 0.0641 s
   n=   61 measured  0.016  fitted  0.011  resid  +0.005 s (+31.8%)
   n= 1032 measured  0.211  fitted  0.158  resid  +0.053 s (+25.0%)
   n= 2040 measured  0.503  fitted  0.515  resid  -0.012 s ( -2.5%)
   n= 3006 measured  0.895  fitted  1.025  resid  -0.130 s (-14.6%)
   n= 3972 measured  1.707  fitted  1.687  resid  +0.020 s ( +1.2%)
   n= 4938 measured  2.586  fitted  2.491  resid  +0.095 s ( +3.7%)
   n= 5946 measured  3.505  fitted  3.476  resid  +0.029 s ( +0.8%)
   n= 6912 measured  4.503  fitted  4.555  resid  -0.052 s ( -1.2%)
   F is the fitted constant: dispatch, python, tokenisation, the fixed 3-token
   prompt scaffold and the decision head's own cost floor. The pure FLOP model has
   no such term, which is why it cannot fit n=61. F alone is 0.62x the
   smallest measured latency (0.010 s vs 0.016 s).
   p fixed at 2: a = 9.787e-08, RMSE = 0.1176 s

==============================================================================
5. POWER / SAMPLE SIZE
==============================================================================
z_(1-alpha/2) for 95% = 1.95996

Wald half-width at p=0.5:  h = z*sqrt(0.25/n)
     n   half-width at p=0.5    Wilson [lo,hi] at x=n/2
    20                0.2191           [0.2993, 0.7007]
   100                0.0980           [0.4038, 0.5962]
   200                0.0693           [0.4314, 0.5686]
   300                0.0566           [0.4438, 0.5562]
   400                0.0490           [0.4512, 0.5488]
   600                0.0400           [0.4601, 0.5399]
  1000                0.0310           [0.4691, 0.5309]

exact 95% interval at x = n/2 (binomial tails, p <= 0.5):
   n=  20, x=  10, phat=0.5: exact 95% [0.0000, 0.7280]  half-width 0.3640
   n= 200, x= 100, phat=0.5: exact 95% [0.0000, 0.5713]  half-width 0.2857
   n= 300, x= 150, phat=0.5: exact 95% [0.0000, 0.5580]  half-width 0.2790
   n= 400, x= 200, phat=0.5: exact 95% [0.0000, 0.5501]  half-width 0.2750
   n= 600, x= 300, phat=0.5: exact 95% [0.0000, 0.5408]  half-width 0.2704
   this is the WORST CASE for a single proportion (p=0.5 maximises p(1-p)); at
   phat=0.35 or 0.9 the interval is narrower.

Sanity check of the power arithmetic: 'n>=200 gives +-0.066 at 95% for p~0.5'
(plan.md section 6) is the SINGLE-PROPORTION Wald half-width. It is NOT the
resolution of an ARM-vs-ARM comparison; for that the paired (McNemar) design applies.

EXACT McNemar power, no normal approximation.  n = items, delta = accuracy gap
between two arms, psi = P(A right, B wrong)/P(B right, A wrong) given A is better.
Under H1 exactly delta*n items are discordant: psi*delta*n/(psi+1) favour A and
delta*n/(psi+1) favour B.  Conditional on m discordant items the exact two-sided
sign test rejects when X ~ Bin(m, 1/2) lands in the observed tail; power is the
mixture of that rejection probability over m ~ Bin(n, delta).
Traceback (most recent call last):
  File "/home/parshu/projects/contri/laya-lab/experiments/M-001/analyse.py", line 428, in <module>
    SIGN = [sign_reject_prob(m) for m in range(MAXN + 1)]
            ^^^^^^^^^^^^^^^^^^^
  File "/home/parshu/projects/contri/laya-lab/experiments/M-001/analyse.py", line 415, in sign_reject_prob
    pmf = binom_pmf_list(m, 0.5)
          ^^^^^^^^^^^^^^^^^^^^^^
  File "/home/parshu/projects/contri/laya-lab/experiments/M-001/analyse.py", line 410, in binom_pmf_list
    return [math.comb(m, k) * p**k * (1 - p)**(m - k) for k in range(m + 1)]
            ~~~~~~~~~~~~~~~~^~~~~~
OverflowError: int too large to convert to float
